C51 COMPILER V9.54   WORK                                                                  12/20/2024 09:37:13 PAGE 1   


C51 COMPILER V9.54, COMPILATION OF MODULE WORK
OBJECT MODULE PLACED IN .\Objects\Work.obj
COMPILER INVOKED BY: D:\Keil_v5\C51\BIN\C51.EXE Source\Work.c OMF2 OPTIMIZE(8,SPEED) BROWSE INCDIR(.\TouchKey) DEBUG PRI
                    -NT(.\Listings\Work.lst) OBJECT(.\Objects\Work.obj)

line level    source

   1          #include <SH79F3212.h>
   2          
   3          #include "LED.h"
   4          #include "Key.h"
   5          #include "Buzzer.h"
   6          #include "Digital.h"
   7          #include "NTC.h"
   8          #include "Triac.h"
   9          #include "Work.h"
  10          
  11          bool Scroll_Flag = false;
  12          unsigned char PowerOnCount1 = 0;        //      上电计数
  13          unsigned char PowerOnCount2 = 0;        //      上电计数
  14          //      系统状态:0-上电状态、1-待机状态、2-自检状态、3-报警状态、4-选择状态、5-工作状态
  15          unsigned char Sys_Mode = 1;
  16          
  17          bool NTCShort = false;
  18          bool NTCOpen = false;
  19          bool DryBoil = false;
  20          bool ErrorFlag = true;  //      异常标志位
  21          bool SelectFlag = false;
  22          bool AdjustFlag = false;        //      调节键标志
  23          
  24          unsigned char FlashCount1 = 0;  //      数码管闪烁计数,用于报警状态
  25          unsigned char FlashCount2 = 0;  //      数码管闪烁计数,用于报警状态
  26          unsigned char ErrorCount = 0;   //      错误计数
  27          unsigned char PressCount = 0;   //      功能键按下次数
  28          unsigned char NoAction_Count = 0;       //      用于进入工作状态计数
  29          unsigned char ScrollPos = 0;            //      数码管轮播索引
  30          unsigned char ScrollCounter = 0;        //      数码管轮播计数
  31          unsigned char WorkTime = 0;
  32          unsigned int  Lase_KeyCount = 0;        //      记录长按触发时的计数值
  33          unsigned int xdata ScrollData[11][3] = {        //      数码管轮播数组
  34                  {10,0,0},{11,1,1},{12,2,2},{13,3,3},{14,4,4},{15,5,5},
  35                  {16,6,6},{17,7,7},{18,8,8},{19,9,9},{22,0,0}
  36          };
  37          
  38          /**
  39            * @Brief      待机模式
  40            * @Param  None
  41            * @Note   None
  42            * @RetVal     None
  43            */
  44          void StandbyMode()
  45          {
  46   1              if(Sys_Mode == 1)
  47   1              {
  48   2                      if(PowerOnCount1 <= 49) PowerOnCount1 ++;
  49   2                      else
  50   2                      {
  51   3                              PowerOnCount1 = 50;
  52   3                              DigitalSet(10,0,0);
  53   3                              LedSet(0,0x00);
  54   3                              BuzzerSet(0,0,0);
C51 COMPILER V9.54   WORK                                                                  12/20/2024 09:37:13 PAGE 2   

  55   3                              TriacSet(0,0,0,0);
  56   3                              if(Last_KeyCode == 0x01)
  57   3                              {
  58   4                                      Sys_Mode = 4;
  59   4                              }
  60   3                      }
  61   2              }
  62   1      }
  63          
  64          /**
  65            * @Brief      自检模式
  66            * @Param  None
  67            * @Note   None
  68            * @RetVal     None
  69            */
  70          void CheckMode()
  71          {
  72   1              if(Sys_Mode != 3)       //      报警状态不能自检
  73   1              {
  74   2                      PowerOnCount2 ++;
  75   2                      if(PowerOnCount2 < 199)
  76   2                      {
  77   3                              if(KeyValue == 0x03)
  78   3                              {
  79   4                                      if(KeyCount == 80 - 2)
  80   4                                      {
  81   5                                              Sys_Mode = 2;   //      自检状态
  82   5                                              BuzzerSet(2,100,100);
  83   5                                              TriacSet(4,6,0,10);
  84   5                                              DigitalSet(10,0,0);
  85   5                                              Scroll_Flag = true;     //      开启数码管轮播
  86   5                                      }
  87   4                              }
  88   3                      }
  89   2                      else PowerOnCount2 = 200;       //      钳住，上电4秒内
  90   2              
  91   2                      if(Scroll_Flag)
  92   2                      {
  93   3                              ScrollCounter ++;
  94   3                              if(ScrollCounter > 49)
  95   3                              {
  96   4                                      ScrollCounter = 0;
  97   4                                      ScrollPos ++;
  98   4                                      if(ScrollPos < 11)
  99   4                                      {
 100   5                                              DigitalSet(ScrollData[ScrollPos][0],
 101   5                                                      ScrollData[ScrollPos][1],ScrollData[ScrollPos][2]);
 102   5                                      }
 103   4                                      else if(ScrollPos == 11)
 104   4                                      {
 105   5                                              DigitalSet(Temperature/10%10,Temperature%10+10,20);
 106   5                                      }
 107   4                                      else
 108   4                                      {
 109   5                                              ScrollPos = 0;
 110   5                                              Sys_Mode = 1;           //      切换待机状态
 111   5                                              Scroll_Flag = 0;        //      关闭轮播
 112   5                                      }
 113   4                              }
 114   3                      }
 115   2              }
 116   1      }
C51 COMPILER V9.54   WORK                                                                  12/20/2024 09:37:13 PAGE 3   

 117          
 118          /**
 119            * @Brief      报警状态
 120            * @Param  None
 121            * @Note   None
 122            * @RetVal     None
 123            */
 124          void AlarmMode()
 125          {
 126   1              FlashCount1 ++;
 127   1              if(FlashCount1 >= 50) FlashCount1 = 0;
 128   1              
 129   1              if(Buzzer_State != 1)
 130   1              {
 131   2                      if(AD_Value < 80 || //  短路195℃
 132   2                              (NTCShort && AD_Value < (DryBoil?100:709)))     //      恢复过程
 133   2                      {
 134   3                              ErrorCount ++;
 135   3                              if(ErrorCount > 25)
 136   3                              {
 137   4                                      ErrorCount = 0;
 138   4                                      NTCShort = true;
 139   4                                      Sys_Mode = 3;
 140   4                                      
 141   4                                      if(FlashCount1 < 25) DigitalSet(21,0,1);        //      E01
 142   4                                      else DigitalSet(25,25,25);
 143   4                                      if(ErrorFlag)   //      下面操作只执行一次
 144   4                                      {
 145   5                                              ErrorFlag = false;
 146   5                                              LedSet(0,0x00);
 147   5                                              BuzzerSet(3,300,300);
 148   5                                              TriacSet(0,0,0,0);
 149   5                                      }
 150   4                              }
 151   3                      }
 152   2                      else if((Sys_Mode == 5 && AD_Value < 100 && AD_Value > 80) //   工作干烧185℃
 153   2                              || (DryBoil && AD_Value > 80 && AD_Value < 709))        //      恢复过程
 154   2                      {
 155   3                              ErrorCount ++;
 156   3                              if(ErrorCount > 25)
 157   3                              {
 158   4                                      ErrorCount = 0;
 159   4                                      DryBoil = true;
 160   4                                      Sys_Mode = 3;
 161   4                                      
 162   4                                      if(FlashCount1 < 25) DigitalSet(21,0,0);        //      E00
 163   4                                      else DigitalSet(25,25,25);
 164   4                                      if(ErrorFlag)
 165   4                                      {
 166   5                                              ErrorFlag = false;
 167   5                                              LedSet(0,0x00);
 168   5                                              BuzzerSet(3,300,300);
 169   5                                              TriacSet(0,0,0,0);
 170   5                                      }
 171   4                              }
 172   3                      }
 173   2                      else if(AD_Value > 3965 || //开路-20℃
 174   2                              (NTCOpen && AD_Value > 3530 && AD_Value < 3965))        //      恢复过程
 175   2                      {
 176   3                              ErrorCount ++;
 177   3                              if(ErrorCount > 25)
 178   3                              {
C51 COMPILER V9.54   WORK                                                                  12/20/2024 09:37:13 PAGE 4   

 179   4                                      ErrorCount = 0;
 180   4                                      NTCOpen = true;
 181   4                                      Sys_Mode = 3;
 182   4                                      
 183   4                                      if(FlashCount1 < 25) DigitalSet(10,0,0);        //      000
 184   4                                      else if(FlashCount1 >= 25) DigitalSet(25,25,25);
 185   4                                      if(ErrorFlag)
 186   4                                      {
 187   5                                              ErrorFlag = false;
 188   5                                              DigitalSet(10,0,0);
 189   5                                              LedSet(0,0x00);
 190   5                                              BuzzerSet(3,300,300);
 191   5                                              TriacSet(0,0,0,0);
 192   5                                      }
 193   4                              }
 194   3                      }
 195   2                      else if(Sys_Mode == 3 && AD_Value > 709 && AD_Value < 3530)
 196   2                      {
 197   3                              NTCOpen = false;
 198   3                              NTCShort = false;
 199   3                              DryBoil = false;
 200   3                              ErrorFlag = true;
 201   3                              Sys_Mode = 1;   //      切换待机状态
 202   3                      }
 203   2              }
 204   1      }
 205          
 206          void SelectMode()
 207          {
 208   1              if(Sys_Mode == 4)
 209   1              {
 210   2                      NoAction_Count ++;      //      调节键松开不认为无操作
 211   2                      if(Last_KeyCode == 0x01)
 212   2                      {
 213   3                              Last_KeyCode = 0;
 214   3                              PressCount ++;
 215   3                              SelectFlag = true;
 216   3                              if(PressCount > 7) PressCount = 1;
 217   3                              BuzzerSet(1,100,100);
 218   3                      }
 219   2                      switch(PressCount)
 220   2                      {
 221   3                              case 1:
 222   3                                      if(SelectFlag)
 223   3                                      {
 224   4                                              NoAction_Count = 0;     //      重新计时
 225   4                                              SelectFlag = false;
 226   4                                              LedSet(1,0x01);
 227   4                                              DigitalSet(23,24,24);
 228   4                                      }
 229   3                                      if(NoAction_Count >= 250)
 230   3                                      {
 231   4                                              NoAction_Count = 0;
 232   4                                              LedSet(2,0x01);
 233   4                                              Sys_Mode = 5;
 234   4                                      }
 235   3                              break;
 236   3                              case 2:
 237   3                                      if(SelectFlag)
 238   3                                      {
 239   4                                              NoAction_Count = 0;
 240   4                                              SelectFlag = false;
C51 COMPILER V9.54   WORK                                                                  12/20/2024 09:37:13 PAGE 5   

 241   4                                              LedSet(1,0x02);
 242   4                                              WorkTime = 5;
 243   4                                              DigitalSet(10,0,5);
 244   4                                      }
 245   3                                      if(NoAction_Count >= 250)       //      无操作进入工作状态
 246   3                                      {
 247   4                                              NoAction_Count = 0;
 248   4                                              LedSet(2,0x02);
 249   4                                              Sys_Mode = 5;
 250   4                                      }
 251   3                                      if(Last_KeyCode == 0x02)
 252   3                                      {
 253   4                                              Last_KeyCode = 0;
 254   4                                              NoAction_Count = 0;
 255   4                                              FlashCount2 = 0;        //      重新开始闪
 256   4                                              AdjustFlag = true;
 257   4                                              BuzzerSet(1,100,100);
 258   4                                              WorkTime += 1;
 259   4                                              if(WorkTime > 10) WorkTime = 1;
 260   4                                      }
 261   3                                      if(AdjustFlag)//        调节键松开再开始闪烁
 262   3                                      {
 263   4                                              FlashCount2 ++;
 264   4                                              if(FlashCount2 > 50) FlashCount2 = 0;
 265   4                                              if(FlashCount2 < 25) DigitalSet(10,WorkTime/10,WorkTime%10);
 266   4                                              else DigitalSet(25,25,25);
 267   4                                      }
 268   3                              break;
 269   3                              case 3:
 270   3                                      if(SelectFlag)
 271   3                                      {
 272   4                                              NoAction_Count = 0;
 273   4                                              SelectFlag = false;
 274   4                                              LedSet(1,0x04);
 275   4                                              WorkTime = 90;
 276   4                                              DigitalSet(11,3,0);
 277   4                                      }
 278   3                                      if(NoAction_Count >= 250)
 279   3                                      {
 280   4                                              NoAction_Count = 0;
 281   4                                              LedSet(2,0x04);
 282   4                                              Sys_Mode = 5;
 283   4                                      }
 284   3                                      if(Last_KeyCode == 0x02)
 285   3                                      {
 286   4                                              Last_KeyCode = 0;
 287   4                                              NoAction_Count = 0;
 288   4                                              FlashCount2 = 0;
 289   4                                              AdjustFlag = true;
 290   4                                              BuzzerSet(1,100,100);
 291   4                                              WorkTime += 5;
 292   4                                              if(WorkTime > 150) WorkTime = 60;
 293   4                                      }
 294   3                                      if(AdjustFlag)//        调节键松开再开始闪烁
 295   3                                      {
 296   4                                              FlashCount2 ++;
 297   4                                              if(FlashCount2 > 50) FlashCount2 = 0;
 298   4                                              if(FlashCount2 < 25) DigitalSet(10+WorkTime/60,WorkTime%60/10,WorkTime%60%10);
 299   4                                              else DigitalSet(25,25,25);
 300   4                                      }
 301   3                              break;
 302   3                              case 4:
C51 COMPILER V9.54   WORK                                                                  12/20/2024 09:37:13 PAGE 6   

 303   3                                      if(SelectFlag)
 304   3                                      {
 305   4                                              NoAction_Count = 0;
 306   4                                              SelectFlag = false;
 307   4                                              LedSet(1,0x08);
 308   4                                              WorkTime = 60;
 309   4                                              DigitalSet(11,0,0);
 310   4                                      }
 311   3                                      if(NoAction_Count >= 250)
 312   3                                      {
 313   4                                              NoAction_Count = 0;
 314   4                                              LedSet(2,0x08);
 315   4                                              Sys_Mode = 5;
 316   4                                      }
 317   3                                      if(Last_KeyCode == 0x02)
 318   3                                      {
 319   4                                              Last_KeyCode = 0;
 320   4                                              NoAction_Count = 0;
 321   4                                              FlashCount2 = 0;
 322   4                                              AdjustFlag = true;
 323   4                                              BuzzerSet(1,100,100);
 324   4                                              WorkTime += 5;
 325   4                                              if(WorkTime > 120) WorkTime = 30;
 326   4                                      }
 327   3                                      if(AdjustFlag)//        调节键松开再开始闪烁
 328   3                                      {
 329   4                                              FlashCount2 ++;
 330   4                                              if(FlashCount2 > 50) FlashCount2 = 0;
 331   4                                              if(FlashCount2 < 25) DigitalSet(10+WorkTime/60,WorkTime%60/10,WorkTime%60%10);
 332   4                                              else DigitalSet(25,25,25);
 333   4                                      }
 334   3                              break;
 335   3                              case 5:
 336   3                                      if(SelectFlag)
 337   3                                      {
 338   4                                              NoAction_Count = 0;
 339   4                                              SelectFlag = false;
 340   4                                              LedSet(1,0x10);
 341   4                                              WorkTime = 90;
 342   4                                              DigitalSet(11,3,0);
 343   4                                      }
 344   3                                      if(NoAction_Count >= 250)
 345   3                                      {
 346   4                                              NoAction_Count = 0;
 347   4                                              LedSet(2,0x10);
 348   4                                              Sys_Mode = 5;
 349   4                                      }
 350   3                                      if(Last_KeyCode == 0x02)
 351   3                                      {
 352   4                                              Last_KeyCode = 0;
 353   4                                              NoAction_Count = 0;
 354   4                                              FlashCount2 = 0;
 355   4                                              AdjustFlag = true;
 356   4                                              BuzzerSet(1,100,100);
 357   4                                              WorkTime += 5;
 358   4                                              if(WorkTime > 120) WorkTime = 30;
 359   4                                      }
 360   3                                      if(AdjustFlag)//        调节键松开再开始闪烁
 361   3                                      {
 362   4                                              FlashCount2 ++;
 363   4                                              if(FlashCount2 > 50) FlashCount2 = 0;
 364   4                                              if(FlashCount2 < 25) DigitalSet(10+WorkTime/60,WorkTime%60/10,WorkTime%60%10);
C51 COMPILER V9.54   WORK                                                                  12/20/2024 09:37:13 PAGE 7   

 365   4                                              else DigitalSet(25,25,25);
 366   4                                      }
 367   3                              break;
 368   3                              case 6:
 369   3                                      if(SelectFlag)
 370   3                                      {
 371   4                                              NoAction_Count = 0;
 372   4                                              SelectFlag = false;
 373   4                                              LedSet(1,0x20);
 374   4                                              WorkTime = 55;
 375   4                                              DigitalSet(5,15,20);
 376   4                                      }
 377   3                                      if(NoAction_Count >= 250)
 378   3                                      {
 379   4                                              NoAction_Count = 0;
 380   4                                              LedSet(2,0x20);
 381   4                                              Sys_Mode = 5;
 382   4                                      }
 383   3                                      if(KeyValue == 0x02)//  按下判断
 384   3                                      {
 385   4                                              if(KeyCount == 10 - 2)
 386   4                                              {
 387   5                                                      NoAction_Count = 0;
 388   5                                                      FlashCount2 = 0;
 389   5                                                      AdjustFlag = true;
 390   5                                                      BuzzerSet(1,100,100);
 391   5                                                      WorkTime += 5 ; 
 392   5                                                      if(WorkTime > 90) WorkTime = 40;
 393   5                                              }
 394   4                                              if(KeyCount > 50 - 2)   //      长按
 395   4                                              {
 396   5                                                      KeyCount = 35;//        每超过48-35=13=260毫秒加一个5
 397   5                                                      NoAction_Count = 0;
 398   5                                                      FlashCount2 = 0;
 399   5                                                      AdjustFlag = true;
 400   5                                                      WorkTime += 5 ; 
 401   5                                                      if(WorkTime > 90) WorkTime = 40;
 402   5                                              }
 403   4                                      }
 404   3                                      if(AdjustFlag)//        调节键松开再开始闪烁
 405   3                                      {
 406   4                                              FlashCount2 ++;
 407   4                                              if(FlashCount2 > 50) FlashCount2 = 0;
 408   4                                              if(FlashCount2 < 25) DigitalSet(WorkTime/10%10,WorkTime%10+10,20);
 409   4                                              else DigitalSet(25,25,25);
 410   4                                      }
 411   3                              break;
 412   3                              case 7:
 413   3                                      if(SelectFlag)
 414   3                                      {
 415   4                                              NoAction_Count = 0;
 416   4                                              SelectFlag = false;
 417   4                                              LedSet(0,0);
 418   4                                              DigitalSet(10,0,0);
 419   4                                      }
 420   3                                      if(NoAction_Count >= 250)
 421   3                                      {
 422   4                                              NoAction_Count = 0;
 423   4                                              Sys_Mode = 1;
 424   4                                      }
 425   3                              break;
 426   3                      }
C51 COMPILER V9.54   WORK                                                                  12/20/2024 09:37:13 PAGE 8   

 427   2              }
 428   1      }
 429          
 430          void WorkMode()
 431          {
 432   1              if(Sys_Mode == 5)
 433   1              {
 434   2                      DigitalSet(Temperature/10%10,Temperature%10+10,20);
 435   2              }
 436   1              
 437   1      }


MODULE INFORMATION:   STATIC OVERLAYABLE
   CODE SIZE        =   1716    ----
   CONSTANT SIZE    =   ----    ----
   XDATA SIZE       =     66    ----
   PDATA SIZE       =   ----    ----
   DATA SIZE        =     20    ----
   IDATA SIZE       =   ----    ----
   BIT SIZE         =   ----    ----
   EDATA SIZE       =   ----    ----
   HDATA SIZE       =   ----    ----
   XDATA CONST SIZE =   ----    ----
   FAR CONST SIZE   =   ----    ----
END OF MODULE INFORMATION.


C51 COMPILATION COMPLETE.  0 WARNING(S),  0 ERROR(S)
